Godot Engine v4.6.3.stable.official.7d41c59c4 - https://godotengine.org

ERROR: Failed to read the root certificate store.
   at: get_system_ca_certificates (platform/windows/os_windows.cpp:2570)
VS_MECHANICS MODE NORMAL max_hp=1300.0 attack_interval_rate=1.0 initial=2.6 phase1=(4.6, 5.6) phase2_3=(3.45, 4.2) damage=7
VS_MECHANICS MODE HEART max_hp=1040.0 attack_interval_rate=1.1 initial=2.6 phase1=(4.6, 5.6) phase2_3=(3.45, 4.2) damage=7
VS_MECHANICS MODE HARD max_hp=1690.0 attack_interval_rate=0.85 initial=2.21 phase1=(3.91, 4.76) phase2_3=(2.9325, 3.57) damage=8
VS_MECHANICS MODE HARD_HEART max_hp=1352.0 attack_interval_rate=0.935 initial=2.431 phase1=(4.301, 5.236) phase2_3=(3.22575, 3.927) damage=8
VS_MECHANICS FIXED from=(500.0, 500.0) to=(700.0, 500.0) moved_player=(560.0, 620.0) moved_partner=(760.0, 390.0)
VS_MECHANICS WARNING_CROSS hp=100 warning=0.0 hit=false
VS_MECHANICS ENDPOINT_HIT hp=93 vel=(0.0, 440.0) hit=true
VS_MECHANICS SECOND_UPDATE hp=93 hit=true
VS_MECHANICS OUTSIDE_VISUAL_46 hit=true hp=93
VS_MECHANICS OUTSIDE_49_1 hit=false hp=100
VS_MECHANICS ENDCAP_30 hit=true hp=93
VS_MECHANICS INVINCIBLE hp=100 vel=(0.0, 440.0) hit=true
VS_MECHANICS CLOSE_FALLBACK actual_partner=(540.0, 492.0) stored_to=(720.0, 492.0) length=220.145401000977
VS_MECHANICS ACTIVE_END count=0
VS_MECHANICS BOSS_DEFEAT count=0
VS_MECHANICS BOSS_RETREAT count=0
VS_MECHANICS PLAYER_DEATH state=game_over_intro count=1
VS_MECHANICS PARTNER_STATE_RESET count=0
VS_MECHANICS SCENE_RUN_RESET count=0
